info Welcome to React Native v0.74
info Starting dev server on port 8081...

                        ▒▒▓▓▓▓▒▒
                     ▒▓▓▓▒▒░░▒▒▓▓▓▒
                  ▒▓▓▓▓░░░▒▒▒▒░░░▓▓▓▓▒
                 ▓▓▒▒▒▓▓▓▓▓▓▓▓▓▓▓▓▒▒▒▓▓
                 ▓▓░░░░░▒▓▓▓▓▓▓▒░░░░░▓▓
                 ▓▓░░▓▓▒░░░▒▒░░░▒▓▒░░▓▓
                 ▓▓░░▓▓▓▓▓▒▒▒▒▓▓▓▓▒░░▓▓
                 ▓▓░░▓▓▓▓▓▓▓▓▓▓▓▓▓▒░░▓▓
                 ▓▓▒░░▒▒▓▓▓▓▓▓▓▓▒░░░▒▓▓
                  ▒▓▓▓▒░░░▒▓▓▒░░░▒▓▓▓▒
                     ▒▓▓▓▒░░░░▒▓▓▓▒
                        ▒▒▓▓▓▓▒▒


                Welcome to Metro v0.80.9
              Fast - Scalable - Integrated


info React Native v0.85.3 is now available (your project is running on v0.74.3).
info Changelog: https://github.com/facebook/react-native/releases/tag/v0.85.3
info Diff: https://react-native-community.github.io/upgrade-helper/?from=0.74.3
info For more info, check out "https://reactnative.dev/docs/upgrading?os=windows".
info Dev server ready

i - run on iOS
a - run on Android
d - open Dev Menu
r - reload app

 BUNDLE  ./index.js 

 BUNDLE  ./index.js 

 LOG  Running "VTStaff" with {"rootTag":11}
